Usage: coder users [subcommand]

Manage users

Aliases: user

[1mSubcommands[0m
    activate           Update a user's status to 'active'. Active users can
                       fully interact with the platform
    create             
    list               
    mark-as-dormant    Update a user's status to 'dormant'. Dormant users are
                       not counted in the license plan
    show               Show a single user. Use 'me' to indicate the currently
                       authenticated user.
    suspend            Update a user's status to 'suspended'. A suspended user
                       cannot log into the platform

---
Run `coder --help` for a list of global options.
