Usage: coder users mark-as-dormant [flags] <username|user_id>

Update a user's status to 'dormant'. Dormant users are not counted in the
license plan

Aliases: dormant

[40m [0m[91;40m$ coder users mark-as-dormant example_user[0m[40m [0m

[1mOptions[0m
  -c, --column string-array (default: username,email,created_at,status)
          Specify a column to filter in the table.

---
Run `coder --help` for a list of global options.
